[www.vinayakautomation.com/index.html]
[backblue.gif]
[fade.gif]
[index.html]
[www.vinayakautomation.com/apple-touch-icon.0.delayed]
[www.vinayakautomation.com/images/fav.1.delayed]
[www.vinayakautomation.com/index-2.html]
[www.vinayakautomation.com/images/vinayak-automation-products-logo-1.png]
[www.vinayakautomation.com/images/vinayak-automation.png]
[www.vinayakautomation.com/about.html]
[www.vinayakautomation.com/products.html]
[www.vinayakautomation.com/drives-and-automation.html]
[www.vinayakautomation.com/industrial-automation-solution.html]
[www.vinayakautomation.com/control-and-power-products.html]
[www.vinayakautomation.com/incremental-encoders.html]
[www.vinayakautomation.com/conveyor-safety-switches.html]
[www.vinayakautomation.com/field-instruments.html]
[www.vinayakautomation.com/control-panels.html]
[www.vinayakautomation.com/ac-dc-motors.html]
[www.vinayakautomation.com/contact.html]
[www.vinayakautomation.com/images/slider/home1.jpg]
[www.vinayakautomation.com/images/slider/water.jpg]
[www.vinayakautomation.com/images/slider/steel.jpg]
[www.vinayakautomation.com/images/slider/Cement-Industry-Industrial-Fans.jpg]
[www.vinayakautomation.com/images/slider/pharma-chemical-erp.jpg]
[www.vinayakautomation.com/drives-and-automation-detail.html]
[www.vinayakautomation.com/images/services/Emotron-VSX.jpg]
[www.vinayakautomation.com/images/services/plc-system-hmi-renu-make-500x500.jpg]
[www.vinayakautomation.com/images/services/ps.jpg]
[www.vinayakautomation.com/images/services/client/amrutanjan.jpg]
[www.vinayakautomation.com/images/services/client/apgenco.jpg]
[www.vinayakautomation.com/images/services/client/atomic.jpg]
[www.vinayakautomation.com/images/services/client/aurobindo.jpg]
[www.vinayakautomation.com/images/services/client/bambino.jpg]
[www.vinayakautomation.com/images/services/client/bhel.jpg]
[www.vinayakautomation.com/images/services/client/brilliant.jpg]
[www.vinayakautomation.com/images/services/client/deccan.jpg]
[www.vinayakautomation.com/images/services/client/deviseafood.jpg]
[www.vinayakautomation.com/images/services/client/dukes.jpg]
[www.vinayakautomation.com/images/services/client/dynas.jpg]
[www.vinayakautomation.com/images/services/client/emmennar.jpg]
[www.vinayakautomation.com/images/services/client/fortunearrt.jpg]
[www.vinayakautomation.com/images/services/client/gayatri.jpg]
[www.vinayakautomation.com/images/services/client/granules.jpg]
[www.vinayakautomation.com/images/services/client/hetero.jpg]
[www.vinayakautomation.com/images/services/client/hyderabad.jpg]
[www.vinayakautomation.com/images/services/client/hygro.jpg]
[www.vinayakautomation.com/images/services/client/indian-cement.jpg]
[www.vinayakautomation.com/images/services/client/jsw.jpg]
[www.vinayakautomation.com/images/services/client/kcp.jpg]
[www.vinayakautomation.com/images/services/client/medreich.jpg]
[www.vinayakautomation.com/images/services/client/megha.jpg]
[www.vinayakautomation.com/images/services/client/meiji.jpg]
[www.vinayakautomation.com/images/services/client/mylan.jpg]
[www.vinayakautomation.com/images/services/client/ncc.jpg]
[www.vinayakautomation.com/images/services/client/neuland.jpg]
[www.vinayakautomation.com/images/services/client/ntpc.jpg]
[www.vinayakautomation.com/images/services/client/penna.jpg]
[www.vinayakautomation.com/images/services/client/pennar.jpg]
[www.vinayakautomation.com/images/services/client/pepe.jpg]
[www.vinayakautomation.com/images/services/client/renewsys.jpg]
[www.vinayakautomation.com/images/services/client/sccl.jpg]
[www.vinayakautomation.com/images/services/client/toshiba.jpg]
[www.vinayakautomation.com/images/services/client/treff.jpg]
[www.vinayakautomation.com/images/services/client/tspgc.jpg]
[www.vinayakautomation.com/images/services/client/ucil.jpg]
[www.vinayakautomation.com/images/services/client/vertex.jpg]
[www.vinayakautomation.com/images/services/client/zen.jpg]
[www.vinayakautomation.com/images/icon3.png]
[www.vinayakautomation.com/images/vinayak-automation-products-logo-120x120.png]
[www.vinayakautomation.com/process-control-instruments.html]
[www.vinayakautomation.com/js/modernizr-2.8.3.min.js]
[www.vinayakautomation.com/js/jquery.min.js]
[www.vinayakautomation.com/js/bootstrap.min.js]
[www.vinayakautomation.com/js/jquery.nav.js]
[www.vinayakautomation.com/js/owl.carousel.min.js]
[www.vinayakautomation.com/js/slick.min.js]
[www.vinayakautomation.com/js/isotope.pkgd.min.js]
[www.vinayakautomation.com/js/imagesloaded.pkgd.min.js]
[www.vinayakautomation.com/js/wow.min.js]
[www.vinayakautomation.com/js/waypoints.min.js]
[www.vinayakautomation.com/js/jquery.counterup.min.js]
[www.vinayakautomation.com/js/jquery.magnific-popup.min.js]
[www.vinayakautomation.com/js/skill.bars.jquery.js]
[www.vinayakautomation.com/js/rsmenu-main.js]
[www.vinayakautomation.com/js/plugins.js]
[www.vinayakautomation.com/js/main.js]
[www.vinayakautomation.com/index.html]
[www.vinayakautomation.com/apple-touch-icon.html]
[www.vinayakautomation.com/images/fav.html]
[www.vinayakautomation.com/fonts/glyphicons-halflings-regular.html]
[www.vinayakautomation.com/fonts/glyphicons-halflings-regulard41dd41d.html]
[www.vinayakautomation.com/fonts/glyphicons-halflings-regular-2.html]
[www.vinayakautomation.com/fonts/glyphicons-halflings-regular-3.html]
[www.vinayakautomation.com/fonts/glyphicons-halflings-regular-4.html]
[www.vinayakautomation.com/fonts/glyphicons-halflings-regular-5.html]
[www.vinayakautomation.com/css/bootstrap.min.css]
[www.vinayakautomation.com/fonts/fontawesome-webfont3e6e3e6e.eot]
[www.vinayakautomation.com/fonts/fontawesome-webfontd41dd41d.eot]
[www.vinayakautomation.com/fonts/fontawesome-webfont3e6e3e6e.woff2]
[www.vinayakautomation.com/fonts/fontawesome-webfont3e6e3e6e.woff]
[www.vinayakautomation.com/fonts/fontawesome-webfont3e6e3e6e.ttf]
[www.vinayakautomation.com/css/font-awesome.min.css]
[www.vinayakautomation.com/css/animate.css]
[www.vinayakautomation.com/css/owl.carousel.css]
[www.vinayakautomation.com/css/slick.css]
[www.vinayakautomation.com/css/rsmenu-main.css]
[www.vinayakautomation.com/css/rsmenu-transitions.css]
[www.vinayakautomation.com/css/magnific-popup.css]
[www.vinayakautomation.com/css/owl.video.play.html]
[www.vinayakautomation.com/fonts/Flaticon.eot]
[www.vinayakautomation.com/fonts/Flaticond41dd41d.eot]
[www.vinayakautomation.com/fonts/Flaticon.woff]
[www.vinayakautomation.com/fonts/Flaticon.ttf]
[www.vinayakautomation.com/fonts/flaticon.css]
[www.vinayakautomation.com/fonts/fonts2/Flaticon.eot]
[www.vinayakautomation.com/fonts/fonts2/Flaticond41dd41d.eot]
[www.vinayakautomation.com/fonts/fonts2/Flaticon.woff]
[www.vinayakautomation.com/fonts/fonts2/Flaticon.ttf]
[www.vinayakautomation.com/fonts/fonts2/flaticon.css]
[www.vinayakautomation.com/images/bg/bg1.jpg]
[www.vinayakautomation.com/images/bg/bg2.jpg]
[www.vinayakautomation.com/images/about/counter-up.jpg]
[www.vinayakautomation.com/images/co.jpg]
[www.vinayakautomation.com/images/banner/1.jpg]
[www.vinayakautomation.com/images/bg/bg1.png]
[www.vinayakautomation.com/images/get-touch/bg.jpg]
[www.vinayakautomation.com/images/collot/1.jpg]
[www.vinayakautomation.com/images/error.jpg]
[www.vinayakautomation.com/style.css]
[www.vinayakautomation.com/css/responsive.css]
[www.vinayakautomation.com/index-2.html]
[www.vinayakautomation.com/images/banner/about.jpg]
[www.vinayakautomation.com/about.html]
[www.vinayakautomation.com/images/banner/products.jpg]
[www.vinayakautomation.com/incremental-encoders-detail.html]
[www.vinayakautomation.com/images/services/details/incrt.jpg]
[www.vinayakautomation.com/images/services/convey45627.jpg]
[www.vinayakautomation.com/images/services/product-17.jpg]
[www.vinayakautomation.com/images/services/details/p2.jpg]
[www.vinayakautomation.com/images/services/details/cn.jpg]
[www.vinayakautomation.com/images/services/details/dc.jpg]
[www.vinayakautomation.com/products.html]
[www.vinayakautomation.com/images/banner/automation-1.jpg]
[www.vinayakautomation.com/services.8b.delayed]
[www.vinayakautomation.com/images/services/details/drivers1.jpg]
[www.vinayakautomation.com/images/services/vsss.jpg]
[www.vinayakautomation.com/images/services/Emotron-VSM.jpg]
[www.vinayakautomation.com/images/services/vse.jpg]
[www.vinayakautomation.com/images/services/em vfx.jpg]
[www.vinayakautomation.com/images/services/Msf.jpg]
[www.vinayakautomation.com/images/services/tsa.jpg]
[www.vinayakautomation.com/images/services/mlog.jpg]
[www.vinayakautomation.com/images/services/hunman.jpg]
[www.vinayakautomation.com/drives-and-automation.html]
[www.vinayakautomation.com/images/banner/service-details.jpg]
[www.vinayakautomation.com/images/services/renu-main.jpg]
[www.vinayakautomation.com/industrial-automation-solution-detail.html]
[www.vinayakautomation.com/images/services/IPC.jpg]
[www.vinayakautomation.com/images/services/FlexiPanels - HMI.jpg]
[www.vinayakautomation.com/images/services/FlexiLogics-HMI.jpg]
[www.vinayakautomation.com/images/services/FlexiLogics- WinCE.jpg]
[www.vinayakautomation.com/images/services/FlexiLogics - PLC.jpg]
[www.vinayakautomation.com/images/services/Gateway.jpg]
[www.vinayakautomation.com/industrial-automation-solution.html]
[www.vinayakautomation.com/images/banner/control-ban.jpg]
[www.vinayakautomation.com/images/services/details/control-products.jpg]
[www.vinayakautomation.com/control-and-power-products-detail.html]
[www.vinayakautomation.com/control-and-power-products-detailc4ca.html]
[www.vinayakautomation.com/control-and-power-products-detailc81e.html]
[www.vinayakautomation.com/images/services/speed.jpg]
[www.vinayakautomation.com/control-and-power-products-detaileccb.html]
[www.vinayakautomation.com/images/services/level.jpg]
[www.vinayakautomation.com/control-and-power-products-detaila87f.html]
[www.vinayakautomation.com/images/services/soft.jpg]
[www.vinayakautomation.com/control-and-power-products.html]
[www.vinayakautomation.com/images/banner/incre.jpg]
[www.vinayakautomation.com/images/services/details/power.jpg]
[www.vinayakautomation.com/incremental-encoders-detailc4ca.html]
[www.vinayakautomation.com/images/services/incjj.jpg]
[www.vinayakautomation.com/incremental-encoders-detailc81e.html]
[www.vinayakautomation.com/images/services/incjj2.jpg]
[www.vinayakautomation.com/incremental-encoders.html]
[www.vinayakautomation.com/images/banner/convey.jpg]
[www.vinayakautomation.com/images/services/main/convey123.jpg]
[www.vinayakautomation.com/images/services/convey-2.jpg]
[www.vinayakautomation.com/images/services/convey-1.jpg]
[www.vinayakautomation.com/images/services/convey-3.jpg]
[www.vinayakautomation.com/images/services/heavy.jpg]
[www.vinayakautomation.com/conveyor-safety-switches.html]
[www.vinayakautomation.com/images/banner/ban.jpg]
[www.vinayakautomation.com/images/services/details/filed.jpg]
[www.vinayakautomation.com/images/services/fi-1.jpg]
[www.vinayakautomation.com/images/services/fi-2.jpg]
[www.vinayakautomation.com/images/services/fi-3.jpg]
[www.vinayakautomation.com/images/services/fi-4.jpg]
[www.vinayakautomation.com/images/services/fi-5.jpg]
[www.vinayakautomation.com/images/services/fi-6.jpg]
[www.vinayakautomation.com/images/services/fi-7.jpg]
[www.vinayakautomation.com/images/services/fi-8.jpg]
[www.vinayakautomation.com/images/services/fi-9.jpg]
[www.vinayakautomation.com/images/services/fi-10.jpg]
[www.vinayakautomation.com/images/services/fi-11.jpg]
[www.vinayakautomation.com/images/services/fi-12.jpg]
[www.vinayakautomation.com/images/services/flow-1.jpg]
[www.vinayakautomation.com/images/services/flow-2.jpg]
[www.vinayakautomation.com/images/services/flow-3.jpg]
[www.vinayakautomation.com/images/services/flow-4.jpg]
[www.vinayakautomation.com/images/services/flow-5.jpg]
[www.vinayakautomation.com/images/services/flow-6.jpg]
[www.vinayakautomation.com/images/services/fi-13.jpg]
[www.vinayakautomation.com/images/services/fi-14.jpg]
[www.vinayakautomation.com/images/services/fi-15.jpg]
[www.vinayakautomation.com/images/services/fi-16.jpg]
[www.vinayakautomation.com/images/services/temper-1.jpg]
[www.vinayakautomation.com/images/services/temper-2.jpg]
[www.vinayakautomation.com/images/services/temper-3.jpg]
[www.vinayakautomation.com/images/services/temper-5.jpg]
[www.vinayakautomation.com/images/services/temper-6.jpg]
[www.vinayakautomation.com/images/services/temper-7.jpg]
[www.vinayakautomation.com/images/services/liquid-1.jpg]
[www.vinayakautomation.com/images/services/liquid-2.jpg]
[www.vinayakautomation.com/images/services/liquid-3.jpg]
[www.vinayakautomation.com/images/services/liquid-4.jpg]
[www.vinayakautomation.com/images/services/liquid-5.jpg]
[www.vinayakautomation.com/images/services/liquid-6.jpg]
[www.vinayakautomation.com/images/services/liquid-7.jpg]
[www.vinayakautomation.com/images/services/liquid-8.jpg]
[www.vinayakautomation.com/images/services/liquid-9.jpg]
[www.vinayakautomation.com/field-instruments.html]
[www.vinayakautomation.com/images/banner/ban2.jpg]
[www.vinayakautomation.com/images/services/details/control-planes.jpg]
[www.vinayakautomation.com/images/services/cp/1.png]
[www.vinayakautomation.com/images/services/cp/2.png]
[www.vinayakautomation.com/images/services/cp/3.png]
[www.vinayakautomation.com/images/services/cp/4.png]
[www.vinayakautomation.com/images/services/cp/5.png]
[www.vinayakautomation.com/images/services/cp/10.png]
[www.vinayakautomation.com/images/services/cp/7.png]
[www.vinayakautomation.com/images/services/cp/9.png]
[www.vinayakautomation.com/images/services/cp/cp-15.png]
[www.vinayakautomation.com/images/services/cp/cp-16.png]
[www.vinayakautomation.com/images/services/cp/cp17.png]
[www.vinayakautomation.com/images/services/cp/cp-18.png]
[www.vinayakautomation.com/images/services/cp/cp19.png]
[www.vinayakautomation.com/images/services/cp/cp20.png]
[www.vinayakautomation.com/images/services/cp/cp21.png]
[www.vinayakautomation.com/images/services/cp/cp23.png]
[www.vinayakautomation.com/control-panels.html]
[www.vinayakautomation.com/images/banner/ban3.jpg]
[www.vinayakautomation.com/images/services/main/ac-dc.jpg]
[www.vinayakautomation.com/images/services/ac-24567.jpg]
[www.vinayakautomation.com/images/services/ac-motors-new-1.jpg]
[www.vinayakautomation.com/images/services/acmotors20.png]
[www.vinayakautomation.com/images/services/acmotors22.png]
[www.vinayakautomation.com/images/services/acmotors23.png]
[www.vinayakautomation.com/images/services/acmotors24.png]
[www.vinayakautomation.com/images/services/acmotors25.png]
[www.vinayakautomation.com/images/services/acmotors1.png]
[www.vinayakautomation.com/images/services/acmotors2.png]
[www.vinayakautomation.com/images/services/acmotors3.png]
[www.vinayakautomation.com/images/services/acmotors4.png]
[www.vinayakautomation.com/images/services/acmotors5.png]
[www.vinayakautomation.com/images/services/acmotors6.png]
[www.vinayakautomation.com/images/services/acmotors7.png]
[www.vinayakautomation.com/images/services/acmotors8.png]
[www.vinayakautomation.com/images/services/process-control-25.jpg]
[www.vinayakautomation.com/images/services/ac-motors-89.png]
[www.vinayakautomation.com/images/services/acmotors26.png]
[www.vinayakautomation.com/ac-dc-motors.html]
[www.vinayakautomation.com/images/banner/contact.jpg]
[www.vinayakautomation.com/js/gmap.js]
[www.vinayakautomation.com/contact.html]
[www.vinayakautomation.com/drives-and-automation-detail.html]
[www.vinayakautomation.com/images/banner/ban4.jpg]
[www.vinayakautomation.com/images/services/main/processs.jpg]
[www.vinayakautomation.com/images/services/process-control-1.png]
[www.vinayakautomation.com/images/services/process-control-2.jpg]
[www.vinayakautomation.com/images/services/process-control-3.jpg]
[www.vinayakautomation.com/images/services/process-control-4.jpg]
[www.vinayakautomation.com/images/services/process-control-5.jpg]
[www.vinayakautomation.com/images/services/process-control-6.jpg]
[www.vinayakautomation.com/process-control-instruments.html]
[www.vinayakautomation.com/js/contact.form.html]
[ajax.googleapis.com/ajax/libs/webfont/1.5.3/webfont.js]
[rstheme.com/wp-includes/css/dist/block-library/style.min6619.css]
[rstheme.com/wp-content/themes/rstheme/assets/css/bootstrap.min6619.css]
[rstheme.com/wp-content/themes/rstheme/style6619.css]
[rstheme.com/wp-includes/js/jquery/jquery4a5f.js]
[rstheme.com/wp-includes/js/jquery/jquery-migrate.min330a.js]
[rstheme.com/wp-content/uploads/2018/10/favicon.png]
[connect.facebook.net/en_US/fbevents.js]
[rstheme.com/wp-content/uploads/2018/10/logo2-1.png]
[rstheme.com/wp-content/uploads/2020/01/Unitek-Preview.jpg]
[rstheme.com/wp-content/uploads/2020/01/Planteo-Preview.jpg]
[rstheme.com/wp-content/themes/rstheme/assets/js/bootstrap.min4a7d.js]
[rstheme.com/wp-content/themes/rstheme/assets/js/waypoints.min4a7d.js]
[rstheme.com/wp-content/themes/rstheme/assets/js/jquery.counterup.min4a7d.js]
[rstheme.com/wp-content/themes/rstheme/assets/js/main5139.js]
[rstheme.com/wp-includes/js/wp-embed.min6619.js]
[www.vinayakautomation.com/fonts/glyphicons-halflings-regular.html]
[www.vinayakautomation.com/fonts/glyphicons-halflings-regulard41dd41d.html]
[www.vinayakautomation.com/fonts/glyphicons-halflings-regular-2.html]
[www.vinayakautomation.com/fonts/glyphicons-halflings-regular-3.html]
[www.vinayakautomation.com/fonts/glyphicons-halflings-regular-4.html]
[www.vinayakautomation.com/fonts/glyphicons-halflings-regular-5.html]
[www.vinayakautomation.com/fonts/fontawesome-webfont3e6e3e6e.svg]
[www.vinayakautomation.com/css/owl.video.play.html]
[www.vinayakautomation.com/fonts/Flaticon.svg]
[www.vinayakautomation.com/fonts/fonts2/Flaticon.svg]
[www.vinayakautomation.com/css/ajax-loader.gif]
[www.vinayakautomation.com/css/fonts/slick.html]
[www.vinayakautomation.com/css/fonts/slickd41dd41d.html]
[www.vinayakautomation.com/css/fonts/slick-2.html]
[www.vinayakautomation.com/css/fonts/slick-3.html]
[www.vinayakautomation.com/css/slick-theme.css]
[www.vinayakautomation.com/css/fonts/slick-4.html]
[www.vinayakautomation.com/images/services/incer-1.png]
[www.vinayakautomation.com/images/services/incer-10.png]
[www.vinayakautomation.com/images/services/incer-2.png]
[www.vinayakautomation.com/images/services/incer-3.png]
[www.vinayakautomation.com/images/services/incer-solid-1.png]
[www.vinayakautomation.com/images/services/incer-solid-2.png]
[www.vinayakautomation.com/images/services/incer-solid-3.png]
[www.vinayakautomation.com/images/services/incer-solid-4.png]
[www.vinayakautomation.com/images/services/incer-solid-5.png]
[www.vinayakautomation.com/images/services/incer-11.png]
[www.vinayakautomation.com/incremental-encoders-detail.html]
[www.vinayakautomation.com/services.html]
[www.vinayakautomation.com/images/services/ind-2.jpg]
[www.vinayakautomation.com/images/services/ind-3.jpg]
[www.vinayakautomation.com/images/services/ind-4.jpg]
[www.vinayakautomation.com/images/services/ind-5.jpg]
[www.vinayakautomation.com/images/services/ind-6.jpg]
[www.vinayakautomation.com/images/services/ind-7.jpg]
[www.vinayakautomation.com/industrial-automation-solution-detail.html]
[www.vinayakautomation.com/images/services/c-1.jpg]
[www.vinayakautomation.com/images/services/c-2.jpg]
[www.vinayakautomation.com/images/services/c-3.jpg]
[www.vinayakautomation.com/images/services/c-5.jpg]
[www.vinayakautomation.com/images/services/c-4.jpg]
[www.vinayakautomation.com/images/services/ss-10.jpg]
[www.vinayakautomation.com/images/services/ss-11.jpg]
[www.vinayakautomation.com/images/services/ss-3.jpg]
[www.vinayakautomation.com/images/services/ss-4.jpg]
[www.vinayakautomation.com/images/services/ss-5.jpg]
[www.vinayakautomation.com/images/services/ss-6.jpg]
[www.vinayakautomation.com/images/services/ls-1.jpg]
[www.vinayakautomation.com/images/services/ls-2.jpg]
[www.vinayakautomation.com/images/services/ls-3.jpg]
[www.vinayakautomation.com/images/services/ls-4.jpg]
[www.vinayakautomation.com/images/services/is-11.jpg]
[www.vinayakautomation.com/images/services/soft-1.jpg]
[www.vinayakautomation.com/images/services/soft-2.jpg]
[www.vinayakautomation.com/control-and-power-products-detail.html]
[www.vinayakautomation.com/control-and-power-products-detailc4ca.html]
[www.vinayakautomation.com/control-and-power-products-detailc81e.html]
[www.vinayakautomation.com/control-and-power-products-detaileccb.html]
[www.vinayakautomation.com/control-and-power-products-detaila87f.html]
[www.vinayakautomation.com/incremental-encoders-detailc4ca.html]
[www.vinayakautomation.com/incremental-encoders-detailc81e.html]
[rstheme.com/wp-includes/css/dist/block-library/style.min6619.css]
[rstheme.com/wp-content/themes/rstheme/assets/css/bootstrap.min6619.css]
[rstheme.com/wp-content/themes/rstheme/style6619.css]
[rstheme.com/wp-content/themes/rstheme/image/check.svg]
[www.vinayakautomation.com/fonts/a.35c.delayed]
[www.vinayakautomation.com/fonts/POST.35d.delayed]
[www.vinayakautomation.com/fonts/schema.org/index.html]
[www.vinayakautomation.com/fonts/b.35e.delayed]
[www.vinayakautomation.com/signals/iwl.35f.delayed]
[www.vinayakautomation.com/fonts/c.360.delayed]
[www.vinayakautomation.com/fonts/c.361.delayed]
[connect.facebook.net/en_US/fbevents.js]
[www.vinayakautomation.com/css/fonts/slick.html]
[www.vinayakautomation.com/css/fonts/slickd41dd41d.html]
[www.vinayakautomation.com/css/fonts/slick-2.html]
[www.vinayakautomation.com/css/fonts/slick-3.html]
[www.vinayakautomation.com/css/fonts/slick-4.html]
[rstheme.com/wp-content/themes/rstheme/image/check.svg]
[www.vinayakautomation.com/fonts/a.html]
[www.vinayakautomation.com/fonts/POST.html]
[www.vinayakautomation.com/fonts/schema.org/index.html]
[www.vinayakautomation.com/fonts/b.html]
[www.vinayakautomation.com/signals/iwl.html]
[www.vinayakautomation.com/fonts/c.html]
[www.vinayakautomation.com/fonts/c-2.html]
[connect.facebook.net/en_US/sdk/xfbml.customerchat.html]
